Archive member included to satisfy reference by file (symbol)

/opt/gcc-arm-none-eabi/bin/../lib/gcc/arm-none-eabi/10.3.1/../../../../arm-none-eabi/lib/thumb/v7e-m+fp/hard/libc_nano.a(lib_a-assert.o)
                              /workspace/bootloader/build/mcuboot/boot/bootutil/src/loader.o (__assert_func)
/opt/gcc-arm-none-eabi/bin/../lib/gcc/arm-none-eabi/10.3.1/../../../../arm-none-eabi/lib/thumb/v7e-m+fp/hard/libc_nano.a(lib_a-fprintf.o)
                              /opt/gcc-arm-none-eabi/bin/../lib/gcc/arm-none-eabi/10.3.1/../../../../arm-none-eabi/lib/thumb/v7e-m+fp/hard/libc_nano.a(lib_a-assert.o) (fiprintf)
/opt/gcc-arm-none-eabi/bin/../lib/gcc/arm-none-eabi/10.3.1/../../../../arm-none-eabi/lib/thumb/v7e-m+fp/hard/libc_nano.a(lib_a-impure.o)
                              /opt/gcc-arm-none-eabi/bin/../lib/gcc/arm-none-eabi/10.3.1/../../../../arm-none-eabi/lib/thumb/v7e-m+fp/hard/libc_nano.a(lib_a-assert.o) (_impure_ptr)
/opt/gcc-arm-none-eabi/bin/../lib/gcc/arm-none-eabi/10.3.1/../../../../arm-none-eabi/lib/thumb/v7e-m+fp/hard/libc_nano.a(lib_a-malloc.o)
                              /workspace/bootloader/build/mcuboot/boot/bootutil/src/loader.o (malloc)
/opt/gcc-arm-none-eabi/bin/../lib/gcc/arm-none-eabi/10.3.1/../../../../arm-none-eabi/lib/thumb/v7e-m+fp/hard/libc_nano.a(lib_a-memcmp.o)
                              /workspace/bootloader/build/mcuboot/boot/bootutil/src/bootutil_misc.o (memcmp)
/opt/gcc-arm-none-eabi/bin/../lib/gcc/arm-none-eabi/10.3.1/../../../../arm-none-eabi/lib/thumb/v7e-m+fp/hard/libc_nano.a(lib_a-memcpy-stub.o)
                              /workspace/bootloader/build/bootloader/flash_map_backend/flash_map_backend.o (memcpy)
/opt/gcc-arm-none-eabi/bin/../lib/gcc/arm-none-eabi/10.3.1/../../../../arm-none-eabi/lib/thumb/v7e-m+fp/hard/libc_nano.a(lib_a-memset.o)
                              /workspace/bootloader/build/mcuboot/boot/bootutil/src/loader.o (memset)
/opt/gcc-arm-none-eabi/bin/../lib/gcc/arm-none-eabi/10.3.1/../../../../arm-none-eabi/lib/thumb/v7e-m+fp/hard/libc_nano.a(lib_a-nano-freer.o)
                              /opt/gcc-arm-none-eabi/bin/../lib/gcc/arm-none-eabi/10.3.1/../../../../arm-none-eabi/lib/thumb/v7e-m+fp/hard/libc_nano.a(lib_a-malloc.o) (_free_r)
/opt/gcc-arm-none-eabi/bin/../lib/gcc/arm-none-eabi/10.3.1/../../../../arm-none-eabi/lib/thumb/v7e-m+fp/hard/libc_nano.a(lib_a-nano-mallocr.o)
                              /opt/gcc-arm-none-eabi/bin/../lib/gcc/arm-none-eabi/10.3.1/../../../../arm-none-eabi/lib/thumb/v7e-m+fp/hard/libc_nano.a(lib_a-malloc.o) (_malloc_r)
/opt/gcc-arm-none-eabi/bin/../lib/gcc/arm-none-eabi/10.3.1/../../../../arm-none-eabi/lib/thumb/v7e-m+fp/hard/libc_nano.a(lib_a-nano-vfprintf.o)
                              /opt/gcc-arm-none-eabi/bin/../lib/gcc/arm-none-eabi/10.3.1/../../../../arm-none-eabi/lib/thumb/v7e-m+fp/hard/libc_nano.a(lib_a-fprintf.o) (_vfprintf_r)
/opt/gcc-arm-none-eabi/bin/../lib/gcc/arm-none-eabi/10.3.1/../../../../arm-none-eabi/lib/thumb/v7e-m+fp/hard/libc_nano.a(lib_a-nano-vfprintf_i.o)
                              /opt/gcc-arm-none-eabi/bin/../lib/gcc/arm-none-eabi/10.3.1/../../../../arm-none-eabi/lib/thumb/v7e-m+fp/hard/libc_nano.a(lib_a-nano-vfprintf.o) (_printf_i)
/opt/gcc-arm-none-eabi/bin/../lib/gcc/arm-none-eabi/10.3.1/../../../../arm-none-eabi/lib/thumb/v7e-m+fp/hard/libc_nano.a(lib_a-sbrkr.o)
                              /opt/gcc-arm-none-eabi/bin/../lib/gcc/arm-none-eabi/10.3.1/../../../../arm-none-eabi/lib/thumb/v7e-m+fp/hard/libc_nano.a(lib_a-nano-mallocr.o) (_sbrk_r)
/opt/gcc-arm-none-eabi/bin/../lib/gcc/arm-none-eabi/10.3.1/../../../../arm-none-eabi/lib/thumb/v7e-m+fp/hard/libc_nano.a(lib_a-wbuf.o)
                              /opt/gcc-arm-none-eabi/bin/../lib/gcc/arm-none-eabi/10.3.1/../../../../arm-none-eabi/lib/thumb/v7e-m+fp/hard/libc_nano.a(lib_a-nano-vfprintf.o) (__swbuf_r)
/opt/gcc-arm-none-eabi/bin/../lib/gcc/arm-none-eabi/10.3.1/../../../../arm-none-eabi/lib/thumb/v7e-m+fp/hard/libc_nano.a(lib_a-wsetup.o)
                              /opt/gcc-arm-none-eabi/bin/../lib/gcc/arm-none-eabi/10.3.1/../../../../arm-none-eabi/lib/thumb/v7e-m+fp/hard/libc_nano.a(lib_a-nano-vfprintf.o) (__swsetup_r)
/opt/gcc-arm-none-eabi/bin/../lib/gcc/arm-none-eabi/10.3.1/../../../../arm-none-eabi/lib/thumb/v7e-m+fp/hard/libc_nano.a(lib_a-abort.o)
                              /opt/gcc-arm-none-eabi/bin/../lib/gcc/arm-none-eabi/10.3.1/../../../../arm-none-eabi/lib/thumb/v7e-m+fp/hard/libc_nano.a(lib_a-assert.o) (abort)
/opt/gcc-arm-none-eabi/bin/../lib/gcc/arm-none-eabi/10.3.1/../../../../arm-none-eabi/lib/thumb/v7e-m+fp/hard/libc_nano.a(lib_a-fflush.o)
                              /opt/gcc-arm-none-eabi/bin/../lib/gcc/arm-none-eabi/10.3.1/../../../../arm-none-eabi/lib/thumb/v7e-m+fp/hard/libc_nano.a(lib_a-wbuf.o) (_fflush_r)
/opt/gcc-arm-none-eabi/bin/../lib/gcc/arm-none-eabi/10.3.1/../../../../arm-none-eabi/lib/thumb/v7e-m+fp/hard/libc_nano.a(lib_a-findfp.o)
[...]
Memory Configuration

Name             Origin             Length             Attributes
FLASH            0x0000000008000000 0x0000000000008000 xr
RAM              0x0000000020000000 0x0000000000050000 xrw
*default*        0x0000000000000000 0xffffffffffffffff

Linker script and memory map

LOAD /workspace/bootloader/build/bootloader/main.o
LOAD /workspace/bootloader/build/bootloader/mcuboot_port.o
LOAD /workspace/bootloader/build/bootloader/system_stm32l4xx.o
LOAD /workspace/bootloader/build/bootloader/flash_map_backend/flash_map.o
LOAD /workspace/bootloader/build/bootloader/flash_map_backend/flash_map_backend.o
LOAD /workspace/bootloader/build/bootloader/flash_map_backend/flash_map_extra.o
LOAD /workspace/bootloader/build/mcuboot/boot/bootutil/src/loader.o
LOAD /workspace/bootloader/build/mcuboot/boot/bootutil/src/bootutil_misc.o
LOAD /workspace/bootloader/build/mcuboot/boot/bootutil/src/bootutil_public.o
LOAD /workspace/bootloader/build/mcuboot/boot/bootutil/src/fault_injection_hardening.o
LOAD /workspace/bootloader/build/bootloader/startup_stm32l4a6xx.o
START GROUP
LOAD /opt/gcc-arm-none-eabi/bin/../lib/gcc/arm-none-eabi/10.3.1/../../../../arm-none-eabi/lib/thumb/v7e-m+fp/hard/libc_nano.a
LOAD /opt/gcc-arm-none-eabi/bin/../lib/gcc/arm-none-eabi/10.3.1/thumb/v7e-m+fp/hard/libgcc.a
LOAD /opt/gcc-arm-none-eabi/bin/../lib/gcc/arm-none-eabi/10.3.1/../../../../arm-none-eabi/lib/thumb/v7e-m+fp/hard/libnosys.a
END GROUP

.isr_vector     0x0000000008000000       0x40
 *(.isr_vector)
 .isr_vector    0x0000000008000000       0x40 /workspace/bootloader/build/bootloader/startup_stm32l4a6xx.o

.text           0x0000000008000040     0x1c1c
 *(.text*)
 .text.startup.main
                0x0000000008000040       0x2c /workspace/bootloader/build/bootloader/main.o
                0x0000000008000040                main
 .text.SystemInit
                0x000000000800006c       0x34 /workspace/bootloader/build/bootloader/system_stm32l4xx.o
                0x000000000800006c                SystemInit
 .text.flash_area_open
                0x00000000080000a0        0x4 /workspace/bootloader/build/bootloader/flash_map_backend/flash_map.o
                0x00000000080000a0                flash_area_open
 .text.flash_area_close
                0x00000000080000a4        0x2 /workspace/bootloader/build/bootloader/flash_map_backend/flash_map.o
                0x00000000080000a4                flash_area_close
 .text.flash_area_read
                0x00000000080000a6       0x22 /workspace/bootloader/build/bootloader/flash_map_backend/flash_map_backend.o
                0x00000000080000a6                flash_area_read
 .text.flash_area_write
                0x00000000080000c8       0x6c /workspace/bootloader/build/bootloader/flash_map_backend/flash_map_backend.o
                0x00000000080000c8                flash_area_write
 .text.flash_area_erase
                0x0000000008000134       0x9c /workspace/bootloader/build/bootloader/flash_map_backend/flash_map_backend.o
                0x0000000008000134                flash_area_erase
 .text.flash_area_align
                0x00000000080001d0        0x4 /workspace/bootloader/build/bootloader/flash_map_backend/flash_map_backend.o
                0x00000000080001d0                flash_area_align
 .text.flash_area_erased_val
                0x00000000080001d4        0x4 /workspace/bootloader/build/bootloader/flash_map_backend/flash_map_backend.o
                0x00000000080001d4                flash_area_erased_val
 .text.flash_area_get_off
                0x00000000080001d8        0x4 /workspace/bootloader/build/bootloader/flash_map_backend/flash_map_extra.o
                0x00000000080001d8                flash_area_get_off
 .text.flash_area_get_size
                0x00000000080001dc        0x4 /workspace/bootloader/build/bootloader/flash_map_backend/flash_map_extra.o
                0x00000000080001dc                flash_area_get_size
 .text.flash_area_get_device_id
                0x00000000080001e0        0x4 /workspace/bootloader/build/bootloader/flash_map_backend/flash_map_extra.o
                0x00000000080001e0                flash_area_get_device_id
 .text.flash_area_id_from_multi_image_slot
                0x00000000080001e4       0x12 /workspace/bootloader/build/bootloader/flash_map_backend/flash_map_extra.o
                0x00000000080001e4                flash_area_id_from_multi_image_slot
 .text.flash_area_to_sectors
                0x00000000080001f6       0x2a /workspace/bootloader/build/bootloader/flash_map_backend/flash_map_extra.o
                0x00000000080001f6                flash_area_to_sectors
 .text.boot_read_image_headers.constprop.0
                0x0000000008000220       0x2e /workspace/bootloader/build/mcuboot/boot/bootutil/src/loader.o
 .text.boot_read_sectors
                0x000000000800024e       0x42 /workspace/bootloader/build/mcuboot/boot/bootutil/src/loader.o
 .text.boot_status_reset
                0x0000000008000290       0x12 /workspace/bootloader/build/mcuboot/boot/bootutil/src/loader.o
                0x0000000008000290                boot_status_reset
 .text.boot_status_is_reset
                0x00000000080002a2       0x1a /workspace/bootloader/build/mcuboot/boot/bootutil/src/loader.o
                0x00000000080002a2                boot_status_is_reset
 .text.boot_scramble_region
                0x00000000080002bc        0xa /workspace/bootloader/build/mcuboot/boot/bootutil/src/loader.o
                0x00000000080002bc                boot_scramble_region
 .text.boot_scramble_slot
                0x00000000080002c6       0x16 /workspace/bootloader/build/mcuboot/boot/bootutil/src/loader.o
                0x00000000080002c6                boot_scramble_slot
 .text.boot_validate_slot.constprop.0.isra.0
                0x00000000080002dc       0xc4 /workspace/bootloader/build/mcuboot/boot/bootutil/src/loader.o
 .text.boot_copy_region
                0x00000000080003a0       0x58 /workspace/bootloader/build/mcuboot/boot/bootutil/src/loader.o
                0x00000000080003a0                boot_copy_region
 .text.context_boot_go
                0x00000000080003f8      0x28c /workspace/bootloader/build/mcuboot/boot/bootutil/src/loader.o
                0x00000000080003f8                context_boot_go
 .text.boot_go  0x0000000008000684       0x1c /workspace/bootloader/build/mcuboot/boot/bootutil/src/loader.o
                0x0000000008000684                boot_go
 .text.boot_image_ok_off
                0x00000000080006a0        0xe /workspace/bootloader/build/mcuboot/boot/bootutil/src/bootutil_public.o
 .text.bootutil_buffer_is_erased.part.0
                0x00000000080006ae       0x22 /workspace/bootloader/build/mcuboot/boot/bootutil/src/bootutil_public.o
 .text.boot_swap_info_off
                0x00000000080006d0        0xa /workspace/bootloader/build/mcuboot/boot/bootutil/src/bootutil_public.o
                0x00000000080006d0                boot_swap_info_off
 .text.boot_magic_compatible_check
                0x00000000080006da       0x1c /workspace/bootloader/build/mcuboot/boot/bootutil/src/bootutil_public.o
                0x00000000080006da                boot_magic_compatible_check
 .text.bootutil_buffer_is_erased
                0x00000000080006f6        0xc /workspace/bootloader/build/mcuboot/boot/bootutil/src/bootutil_public.o
                0x00000000080006f6                bootutil_buffer_is_erased
 .text.boot_read_flag
                0x0000000008000702       0x3a /workspace/bootloader/build/mcuboot/boot/bootutil/src/bootutil_public.o
 .text.boot_read_image_ok
                0x000000000800073c       0x1a /workspace/bootloader/build/mcuboot/boot/bootutil/src/bootutil_public.o
                0x000000000800073c                boot_read_image_ok
 *fill*         0x0000000008000756        0x2 
 .text.boot_read_swap_state
                0x0000000008000758       0xb0 /workspace/bootloader/build/mcuboot/boot/bootutil/src/bootutil_public.o
                0x0000000008000758                boot_read_swap_state
 .text.boot_read_swap_state_by_id
                0x0000000008000808       0x28 /workspace/bootloader/build/mcuboot/boot/bootutil/src/bootutil_public.o
                0x0000000008000808                boot_read_swap_state_by_id
 .text.boot_swap_type_multi
                0x0000000008000830       0x9c /workspace/bootloader/build/mcuboot/boot/bootutil/src/bootutil_public.o
                0x0000000008000830                boot_swap_type_multi
 .text          0x00000000080008cc       0x40 /workspace/bootloader/build/bootloader/startup_stm32l4a6xx.o
 .text.__assert_func
                0x000000000800090c       0x3c /opt/gcc-arm-none-eabi/bin/../lib/gcc/arm-none-eabi/10.3.1/../../../../arm-none-eabi/lib/thumb/v7e-m+fp/hard/libc_nano.a(lib_a-assert.o)
                0x000000000800090c                __assert_func
 .text.fprintf  0x0000000008000948       0x24 /opt/gcc-arm-none-eabi/bin/../lib/gcc/arm-none-eabi/10.3.1/../../../../arm-none-eabi/lib/thumb/v7e-m+fp/hard/libc_nano.a(lib_a-fprintf.o)
                0x0000000008000948                fprintf
                0x0000000008000948                fiprintf
 .text.memcmp   0x000000000800096c       0x20 /opt/gcc-arm-none-eabi/bin/../lib/gcc/arm-none-eabi/10.3.1/../../../../arm-none-eabi/lib/thumb/v7e-m+fp/hard/libc_nano.a(lib_a-memcmp.o)
                0x000000000800096c                memcmp
 .text.memcpy   0x000000000800098c       0x1c /opt/gcc-arm-none-eabi/bin/../lib/gcc/arm-none-eabi/10.3.1/../../../../arm-none-eabi/lib/thumb/v7e-m+fp/hard/libc_nano.a(lib_a-memcpy-stub.o)
                0x000000000800098c                memcpy
 .text.memset   0x00000000080009a8       0x10 /opt/gcc-arm-none-eabi/bin/../lib/gcc/arm-none-eabi/10.3.1/../../../../arm-none-eabi/lib/thumb/v7e-m+fp/hard/libc_nano.a(lib_a-memset.o)
                0x00000000080009a8                memset
 .text._free_r  0x00000000080009b8       0x98 /opt/gcc-arm-none-eabi/bin/../lib/gcc/arm-none-eabi/10.3.1/../../../../arm-none-eabi/lib/thumb/v7e-m+fp/hard/libc_nano.a(lib_a-nano-freer.o)
                0x00000000080009b8                _free_r
 .text.sbrk_aligned
                0x0000000008000a50       0x40 /opt/gcc-arm-none-eabi/bin/../lib/gcc/arm-none-eabi/10.3.1/../../../../arm-none-eabi/lib/thumb/v7e-m+fp/hard/libc_nano.a(lib_a-nano-mallocr.o)
 .text._malloc_r
                0x0000000008000a90       0xe8 /opt/gcc-arm-none-eabi/bin/../lib/gcc/arm-none-eabi/10.3.1/../../../../arm-none-eabi/lib/thumb/v7e-m+fp/hard/libc_nano.a(lib_a-nano-mallocr.o)
                0x0000000008000a90                _malloc_r
 .text.__sfputc_r
                0x0000000008000b78       0x2e /opt/gcc-arm-none-eabi/bin/../lib/gcc/arm-none-eabi/10.3.1/../../../../arm-none-eabi/lib/thumb/v7e-m+fp/hard/libc_nano.a(lib_a-nano-vfprintf.o)
 .text.__sfputs_r
                0x0000000008000ba6       0x24 /opt/gcc-arm-none-eabi/bin/../lib/gcc/arm-none-eabi/10.3.1/../../../../arm-none-eabi/lib/thumb/v7e-m+fp/hard/libc_nano.a(lib_a-nano-vfprintf.o)
                0x0000000008000ba6                __sfputs_r
 *fill*         0x0000000008000bca        0x2 
 .text._vfprintf_r
                0x0000000008000bcc      0x260 /opt/gcc-arm-none-eabi/bin/../lib/gcc/arm-none-eabi/10.3.1/../../../../arm-none-eabi/lib/thumb/v7e-m+fp/hard/libc_nano.a(lib_a-nano-vfprintf.o)
                0x0000000008000bcc                _vfiprintf_r
                0x0000000008000bcc                _vfprintf_r
 .text._printf_common
                0x0000000008000e2c       0xda /opt/gcc-arm-none-eabi/bin/../lib/gcc/arm-none-eabi/10.3.1/../../../../arm-none-eabi/lib/thumb/v7e-m+fp/hard/libc_nano.a(lib_a-nano-vfprintf_i.o)
                0x0000000008000e2c                _printf_common
 *fill*         0x0000000008000f06        0x2 
 .text._printf_i
                0x0000000008000f08      0x24c /opt/gcc-arm-none-eabi/bin/../lib/gcc/arm-none-eabi/10.3.1/../../../../arm-none-eabi/lib/thumb/v7e-m+fp/hard/libc_nano.a(lib_a-nano-vfprintf_i.o)
                0x0000000008000f08                _printf_i
 .text._sbrk_r  0x0000000008001154       0x20 /opt/gcc-arm-none-eabi/bin/../lib/gcc/arm-none-eabi/10.3.1/../../../../arm-none-eabi/lib/thumb/v7e-m+fp/hard/libc_nano.a(lib_a-sbrkr.o)
                0x0000000008001154                _sbrk_r
 .text.__swbuf_r
                0x0000000008001174       0xa4 /opt/gcc-arm-none-eabi/bin/../lib/gcc/arm-none-eabi/10.3.1/../../../../arm-none-eabi/lib/thumb/v7e-m+fp/hard/libc_nano.a(lib_a-wbuf.o)
                0x0000000008001174                __swbuf_r
 .text.__swsetup_r
                0x0000000008001218       0xdc /opt/gcc-arm-none-eabi/bin/../lib/gcc/arm-none-eabi/10.3.1/../../../../arm-none-eabi/lib/thumb/v7e-m+fp/hard/libc_nano.a(lib_a-wsetup.o)
                0x0000000008001218                __swsetup_r
 .text.abort    0x00000000080012f4        0xe /opt/gcc-arm-none-eabi/bin/../lib/gcc/arm-none-eabi/10.3.1/../../../../arm-none-eabi/lib/thumb/v7e-m+fp/hard/libc_nano.a(lib_a-abort.o)
                0x00000000080012f4                abort
 *fill*         0x0000000008001302        0x2 
 .text.__sflush_r
                0x0000000008001304      0x10c /opt/gcc-arm-none-eabi/bin/../lib/gcc/arm-none-eabi/10.3.1/../../../../arm-none-eabi/lib/thumb/v7e-m+fp/hard/libc_nano.a(lib_a-fflush.o)
                0x0000000008001304                __sflush_r
 .text._fflush_r
                0x0000000008001410       0x78 /opt/gcc-arm-none-eabi/bin/../lib/gcc/arm-none-eabi/10.3.1/../../../../arm-none-eabi/lib/thumb/v7e-m+fp/hard/libc_nano.a(lib_a-fflush.o)
                0x0000000008001410                _fflush_r
 .text.std      0x0000000008001488       0x48 /opt/gcc-arm-none-eabi/bin/../lib/gcc/arm-none-eabi/10.3.1/../../../../arm-none-eabi/lib/thumb/v7e-m+fp/hard/libc_nano.a(lib_a-findfp.o)
 .text._cleanup_r
                0x00000000080014d0        0xc /opt/gcc-arm-none-eabi/bin/../lib/gcc/arm-none-eabi/10.3.1/../../../../arm-none-eabi/lib/thumb/v7e-m+fp/hard/libc_nano.a(lib_a-findfp.o)
                0x00000000080014d0                _cleanup_r
 .text.__sfmoreglue
                0x00000000080014dc       0x2c /opt/gcc-arm-none-eabi/bin/../lib/gcc/arm-none-eabi/10.3.1/../../../../arm-none-eabi/lib/thumb/v7e-m+fp/hard/libc_nano.a(lib_a-findfp.o)
                0x00000000080014dc                __sfmoreglue
 .text.__sfp_lock_acquire
                0x0000000008001508        0xc /opt/gcc-arm-none-eabi/bin/../lib/gcc/arm-none-eabi/10.3.1/../../../../arm-none-eabi/lib/thumb/v7e-m+fp/hard/libc_nano.a(lib_a-findfp.o)
                0x0000000008001508                __sfp_lock_acquire
 .text.__sfp_lock_release
                0x0000000008001514        0xc /opt/gcc-arm-none-eabi/bin/../lib/gcc/arm-none-eabi/10.3.1/../../../../arm-none-eabi/lib/thumb/v7e-m+fp/hard/libc_nano.a(lib_a-findfp.o)
                0x0000000008001514                __sfp_lock_release
 .text.__sinit_lock_acquire
                0x0000000008001520        0xc /opt/gcc-arm-none-eabi/bin/../lib/gcc/arm-none-eabi/10.3.1/../../../../arm-none-eabi/lib/thumb/v7e-m+fp/hard/libc_nano.a(lib_a-findfp.o)
                0x0000000008001520                __sinit_lock_acquire
 .text.__sinit_lock_release
                0x000000000800152c        0xc /opt/gcc-arm-none-eabi/bin/../lib/gcc/arm-none-eabi/10.3.1/../../../../arm-none-eabi/lib/thumb/v7e-m+fp/hard/libc_nano.a(lib_a-findfp.o)
                0x000000000800152c                __sinit_lock_release
 .text.__sinit  0x0000000008001538       0x70 /opt/gcc-arm-none-eabi/bin/../lib/gcc/arm-none-eabi/10.3.1/../../../../arm-none-eabi/lib/thumb/v7e-m+fp/hard/libc_nano.a(lib_a-findfp.o)
                0x0000000008001538                __sinit
 .text.__sfp    0x00000000080015a8       0x8c /opt/gcc-arm-none-eabi/bin/../lib/gcc/arm-none-eabi/10.3.1/../../../../arm-none-eabi/lib/thumb/v7e-m+fp/hard/libc_nano.a(lib_a-findfp.o)
                0x00000000080015a8                __sfp
 .text._fwalk_reent
                0x0000000008001634       0x3e /opt/gcc-arm-none-eabi/bin/../lib/gcc/arm-none-eabi/10.3.1/../../../../arm-none-eabi/lib/thumb/v7e-m+fp/hard/libc_nano.a(lib_a-fwalk.o)
                0x0000000008001634                _fwalk_reent
 .text.__retarget_lock_init_recursive
                0x0000000008001672        0x2 /opt/gcc-arm-none-eabi/bin/../lib/gcc/arm-none-eabi/10.3.1/../../../../arm-none-eabi/lib/thumb/v7e-m+fp/hard/libc_nano.a(lib_a-lock.o)
                0x0000000008001672                __retarget_lock_init_recursive
 .text.__retarget_lock_acquire_recursive
                0x0000000008001674        0x2 /opt/gcc-arm-none-eabi/bin/../lib/gcc/arm-none-eabi/10.3.1/../../../../arm-none-eabi/lib/thumb/v7e-m+fp/hard/libc_nano.a(lib_a-lock.o)
                0x0000000008001674                __retarget_lock_acquire_recursive
 .text.__retarget_lock_release_recursive
                0x0000000008001676        0x2 /opt/gcc-arm-none-eabi/bin/../lib/gcc/arm-none-eabi/10.3.1/../../../../arm-none-eabi/lib/thumb/v7e-m+fp/hard/libc_nano.a(lib_a-lock.o)
                0x0000000008001676                __retarget_lock_release_recursive
 .text.__swhatbuf_r
                0x0000000008001678       0x4a /opt/gcc-arm-none-eabi/bin/../lib/gcc/arm-none-eabi/10.3.1/../../../../arm-none-eabi/lib/thumb/v7e-m+fp/hard/libc_nano.a(lib_a-makebuf.o)
                0x0000000008001678                __swhatbuf_r
 *fill*         0x00000000080016c2        0x2 
 .text.__smakebuf_r
                0x00000000080016c4       0x80 /opt/gcc-arm-none-eabi/bin/../lib/gcc/arm-none-eabi/10.3.1/../../../../arm-none-eabi/lib/thumb/v7e-m+fp/hard/libc_nano.a(lib_a-makebuf.o)
                0x00000000080016c4                __smakebuf_r
 *fill*         0x0000000008001744        0xc 
 .text          0x0000000008001750       0xa0 /opt/gcc-arm-none-eabi/bin/../lib/gcc/arm-none-eabi/10.3.1/../../../../arm-none-eabi/lib/thumb/v7e-m+fp/hard/libc_nano.a(lib_a-memchr.o)
                0x0000000008001750                memchr
 .text.__malloc_lock
                0x00000000080017f0        0xc /opt/gcc-arm-none-eabi/bin/../lib/gcc/arm-none-eabi/10.3.1/../../../../arm-none-eabi/lib/thumb/v7e-m+fp/hard/libc_nano.a(lib_a-mlock.o)
                0x00000000080017f0                __malloc_lock
 .text.__malloc_unlock
                0x00000000080017fc        0xc /opt/gcc-arm-none-eabi/bin/../lib/gcc/arm-none-eabi/10.3.1/../../../../arm-none-eabi/lib/thumb/v7e-m+fp/hard/libc_nano.a(lib_a-mlock.o)
                0x00000000080017fc                __malloc_unlock
 .text._raise_r
                0x0000000008001808       0x50 /opt/gcc-arm-none-eabi/bin/../lib/gcc/arm-none-eabi/10.3.1/../../../../arm-none-eabi/lib/thumb/v7e-m+fp/hard/libc_nano.a(lib_a-signal.o)
                0x0000000008001808                _raise_r
 .text.raise    0x0000000008001858       0x10 /opt/gcc-arm-none-eabi/bin/../lib/gcc/arm-none-eabi/10.3.1/../../../../arm-none-eabi/lib/thumb/v7e-m+fp/hard/libc_nano.a(lib_a-signal.o)
                0x0000000008001858                raise
 .text._kill_r  0x0000000008001868       0x24 /opt/gcc-arm-none-eabi/bin/../lib/gcc/arm-none-eabi/10.3.1/../../../../arm-none-eabi/lib/thumb/v7e-m+fp/hard/libc_nano.a(lib_a-signalr.o)
                0x0000000008001868                _kill_r
 .text._getpid_r
                0x000000000800188c        0x4 /opt/gcc-arm-none-eabi/bin/../lib/gcc/arm-none-eabi/10.3.1/../../../../arm-none-eabi/lib/thumb/v7e-m+fp/hard/libc_nano.a(lib_a-signalr.o)
                0x000000000800188c                _getpid_r
 .text.__sread  0x0000000008001890       0x22 /opt/gcc-arm-none-eabi/bin/../lib/gcc/arm-none-eabi/10.3.1/../../../../arm-none-eabi/lib/thumb/v7e-m+fp/hard/libc_nano.a(lib_a-stdio.o)
                0x0000000008001890                __sread
 .text.__swrite
                0x00000000080018b2       0x38 /opt/gcc-arm-none-eabi/bin/../lib/gcc/arm-none-eabi/10.3.1/../../../../arm-none-eabi/lib/thumb/v7e-m+fp/hard/libc_nano.a(lib_a-stdio.o)
                0x00000000080018b2                __swrite
 .text.__sseek  0x00000000080018ea       0x24 /opt/gcc-arm-none-eabi/bin/../lib/gcc/arm-none-eabi/10.3.1/../../../../arm-none-eabi/lib/thumb/v7e-m+fp/hard/libc_nano.a(lib_a-stdio.o)
                0x00000000080018ea                __sseek
 .text.__sclose
                0x000000000800190e        0x8 /opt/gcc-arm-none-eabi/bin/../lib/gcc/arm-none-eabi/10.3.1/../../../../arm-none-eabi/lib/thumb/v7e-m+fp/hard/libc_nano.a(lib_a-stdio.o)
                0x000000000800190e                __sclose
 *fill*         0x0000000008001916        0x2 
 .text._write_r
                0x0000000008001918       0x24 /opt/gcc-arm-none-eabi/bin/../lib/gcc/arm-none-eabi/10.3.1/../../../../arm-none-eabi/lib/thumb/v7e-m+fp/hard/libc_nano.a(lib_a-writer.o)
                0x0000000008001918                _write_r
 .text._close_r
                0x000000000800193c       0x20 /opt/gcc-arm-none-eabi/bin/../lib/gcc/arm-none-eabi/10.3.1/../../../../arm-none-eabi/lib/thumb/v7e-m+fp/hard/libc_nano.a(lib_a-closer.o)
                0x000000000800193c                _close_r
 .text._fstat_r
                0x000000000800195c       0x24 /opt/gcc-arm-none-eabi/bin/../lib/gcc/arm-none-eabi/10.3.1/../../../../arm-none-eabi/lib/thumb/v7e-m+fp/hard/libc_nano.a(lib_a-fstatr.o)
                0x000000000800195c                _fstat_r
 .text._isatty_r
                0x0000000008001980       0x20 /opt/gcc-arm-none-eabi/bin/../lib/gcc/arm-none-eabi/10.3.1/../../../../arm-none-eabi/lib/thumb/v7e-m+fp/hard/libc_nano.a(lib_a-isattyr.o)
                0x0000000008001980                _isatty_r
 .text._lseek_r
                0x00000000080019a0       0x24 /opt/gcc-arm-none-eabi/bin/../lib/gcc/arm-none-eabi/10.3.1/../../../../arm-none-eabi/lib/thumb/v7e-m+fp/hard/libc_nano.a(lib_a-lseekr.o)
                0x00000000080019a0                _lseek_r
 .text._read_r  0x00000000080019c4       0x24 /opt/gcc-arm-none-eabi/bin/../lib/gcc/arm-none-eabi/10.3.1/../../../../arm-none-eabi/lib/thumb/v7e-m+fp/hard/libc_nano.a(lib_a-readr.o)
                0x00000000080019c4                _read_r
 .text._close   0x00000000080019e8       0x10 /opt/gcc-arm-none-eabi/bin/../lib/gcc/arm-none-eabi/10.3.1/../../../../arm-none-eabi/lib/thumb/v7e-m+fp/hard/libnosys.a(close.o)
                0x00000000080019e8                _close
 .text._fstat   0x00000000080019f8       0x10 /opt/gcc-arm-none-eabi/bin/../lib/gcc/arm-none-eabi/10.3.1/../../../../arm-none-eabi/lib/thumb/v7e-m+fp/hard/libnosys.a(fstat.o)
                0x00000000080019f8                _fstat
 .text._getpid  0x0000000008001a08       0x10 /opt/gcc-arm-none-eabi/bin/../lib/gcc/arm-none-eabi/10.3.1/../../../../arm-none-eabi/lib/thumb/v7e-m+fp/hard/libnosys.a(getpid.o)
                0x0000000008001a08                _getpid
 .text._isatty  0x0000000008001a18       0x10 /opt/gcc-arm-none-eabi/bin/../lib/gcc/arm-none-eabi/10.3.1/../../../../arm-none-eabi/lib/thumb/v7e-m+fp/hard/libnosys.a(isatty.o)
                0x0000000008001a18                _isatty
 .text._kill    0x0000000008001a28       0x10 /opt/gcc-arm-none-eabi/bin/../lib/gcc/arm-none-eabi/10.3.1/../../../../arm-none-eabi/lib/thumb/v7e-m+fp/hard/libnosys.a(kill.o)
                0x0000000008001a28                _kill
 .text._lseek   0x0000000008001a38       0x10 /opt/gcc-arm-none-eabi/bin/../lib/gcc/arm-none-eabi/10.3.1/../../../../arm-none-eabi/lib/thumb/v7e-m+fp/hard/libnosys.a(lseek.o)
                0x0000000008001a38                _lseek
 .text._read    0x0000000008001a48       0x10 /opt/gcc-arm-none-eabi/bin/../lib/gcc/arm-none-eabi/10.3.1/../../../../arm-none-eabi/lib/thumb/v7e-m+fp/hard/libnosys.a(read.o)
                0x0000000008001a48                _read
 .text._sbrk    0x0000000008001a58       0x1c /opt/gcc-arm-none-eabi/bin/../lib/gcc/arm-none-eabi/10.3.1/../../../../arm-none-eabi/lib/thumb/v7e-m+fp/hard/libnosys.a(sbrk.o)
                0x0000000008001a58                _sbrk
 .text._write   0x0000000008001a74       0x10 /opt/gcc-arm-none-eabi/bin/../lib/gcc/arm-none-eabi/10.3.1/../../../../arm-none-eabi/lib/thumb/v7e-m+fp/hard/libnosys.a(write.o)
                0x0000000008001a74                _write
 .text._exit    0x0000000008001a84        0x4 /opt/gcc-arm-none-eabi/bin/../lib/gcc/arm-none-eabi/10.3.1/../../../../arm-none-eabi/lib/thumb/v7e-m+fp/hard/libnosys.a(_exit.o)
                0x0000000008001a84                _exit
 *(.rodata*)
 .rodata.boot_validate_slot.constprop.0.isra.0.str1.1
                0x0000000008001a88       0x3a /workspace/bootloader/build/mcuboot/boot/bootutil/src/loader.o
 .rodata.context_boot_go.str1.1
                0x0000000008001ac2       0x3c /workspace/bootloader/build/mcuboot/boot/bootutil/src/loader.o
                                         0x3e (size before relaxing)
 .rodata.__func__.2
                0x0000000008001afe       0x10 /workspace/bootloader/build/mcuboot/boot/bootutil/src/loader.o
 .rodata.__func__.3
                0x0000000008001b0e       0x14 /workspace/bootloader/build/mcuboot/boot/bootutil/src/loader.o
 .rodata.__func__.6
                0x0000000008001b22       0x13 /workspace/bootloader/build/mcuboot/boot/bootutil/src/loader.o
 .rodata.__func__.7
                0x0000000008001b35       0x1e /workspace/bootloader/build/mcuboot/boot/bootutil/src/loader.o
 .rodata.__func__.8
                0x0000000008001b53       0x10 /workspace/bootloader/build/mcuboot/boot/bootutil/src/loader.o
 *fill*         0x0000000008001b63        0x1 
 .rodata.boot_img_magic
                0x0000000008001b64       0x10 /workspace/bootloader/build/mcuboot/boot/bootutil/src/bootutil_public.o
                0x0000000008001b64                boot_img_magic
 .rodata.boot_swap_tables
                0x0000000008001b74       0x12 /workspace/bootloader/build/mcuboot/boot/bootutil/src/bootutil_public.o
 .rodata.__assert_func.str1.1
                0x0000000008001b86       0x3c /opt/gcc-arm-none-eabi/bin/../lib/gcc/arm-none-eabi/10.3.1/../../../../arm-none-eabi/lib/thumb/v7e-m+fp/hard/libc_nano.a(lib_a-assert.o)
                                         0x3d (size before relaxing)
 *fill*         0x0000000008001bc2        0x2 
 .rodata._global_impure_ptr
                0x0000000008001bc4        0x4 /opt/gcc-arm-none-eabi/bin/../lib/gcc/arm-none-eabi/10.3.1/../../../../arm-none-eabi/lib/thumb/v7e-m+fp/hard/libc_nano.a(lib_a-impure.o)
                0x0000000008001bc4                _global_impure_ptr
 .rodata._vfprintf_r.str1.1
                0x0000000008001bc8       0x11 /opt/gcc-arm-none-eabi/bin/../lib/gcc/arm-none-eabi/10.3.1/../../../../arm-none-eabi/lib/thumb/v7e-m+fp/hard/libc_nano.a(lib_a-nano-vfprintf.o)
 .rodata._printf_i.str1.1
                0x0000000008001bd9       0x22 /opt/gcc-arm-none-eabi/bin/../lib/gcc/arm-none-eabi/10.3.1/../../../../arm-none-eabi/lib/thumb/v7e-m+fp/hard/libc_nano.a(lib_a-nano-vfprintf_i.o)
 *fill*         0x0000000008001bfb        0x1 
 .rodata.__sf_fake_stderr
                0x0000000008001bfc       0x20 /opt/gcc-arm-none-eabi/bin/../lib/gcc/arm-none-eabi/10.3.1/../../../../arm-none-eabi/lib/thumb/v7e-m+fp/hard/libc_nano.a(lib_a-findfp.o)
                0x0000000008001bfc                __sf_fake_stderr
 .rodata.__sf_fake_stdin
                0x0000000008001c1c       0x20 /opt/gcc-arm-none-eabi/bin/../lib/gcc/arm-none-eabi/10.3.1/../../../../arm-none-eabi/lib/thumb/v7e-m+fp/hard/libc_nano.a(lib_a-findfp.o)
                0x0000000008001c1c                __sf_fake_stdin
 .rodata.__sf_fake_stdout
                0x0000000008001c3c       0x20 /opt/gcc-arm-none-eabi/bin/../lib/gcc/arm-none-eabi/10.3.1/../../../../arm-none-eabi/lib/thumb/v7e-m+fp/hard/libc_nano.a(lib_a-findfp.o)
                0x0000000008001c3c                __sf_fake_stdout
 *(.glue_7)
 .glue_7        0x0000000008001c5c        0x0 linker stubs
 *(.glue_7t)
 .glue_7t       0x0000000008001c5c        0x0 linker stubs
 *(.eh_frame*)

.vfp11_veneer   0x0000000008001c5c        0x0
 .vfp11_veneer  0x0000000008001c5c        0x0 linker stubs

.v4_bx          0x0000000008001c5c        0x0
 .v4_bx         0x0000000008001c5c        0x0 linker stubs

.iplt           0x0000000008001c5c        0x0
 .iplt          0x0000000008001c5c        0x0 /workspace/bootloader/build/bootloader/main.o

.rel.dyn        0x0000000008001c5c        0x0
 .rel.iplt      0x0000000008001c5c        0x0 /workspace/bootloader/build/bootloader/main.o

.init_array
 *(SORT_BY_NAME(.init_array*))

.data           0x0000000020000000       0x6c load address 0x0000000008001c5c
 *(.data*)
 .data.FIH_FAILURE
                0x0000000020000000        0x4 /workspace/bootloader/build/mcuboot/boot/bootutil/src/fault_injection_hardening.o
                0x0000000020000000                FIH_FAILURE
 .data.FIH_NO_BOOTABLE_IMAGE
                0x0000000020000004        0x4 /workspace/bootloader/build/mcuboot/boot/bootutil/src/fault_injection_hardening.o
                0x0000000020000004                FIH_NO_BOOTABLE_IMAGE
 .data._impure_ptr
                0x0000000020000008        0x4 /opt/gcc-arm-none-eabi/bin/../lib/gcc/arm-none-eabi/10.3.1/../../../../arm-none-eabi/lib/thumb/v7e-m+fp/hard/libc_nano.a(lib_a-impure.o)
                0x0000000020000008                _impure_ptr
 .data.impure_data
                0x000000002000000c       0x60 /opt/gcc-arm-none-eabi/bin/../lib/gcc/arm-none-eabi/10.3.1/../../../../arm-none-eabi/lib/thumb/v7e-m+fp/hard/libc_nano.a(lib_a-impure.o)

.igot.plt       0x000000002000006c        0x0 load address 0x0000000008001cc8
 .igot.plt      0x000000002000006c        0x0 /workspace/bootloader/build/bootloader/main.o

.bss            0x000000002000006c     0x1178 load address 0x0000000008001cc8
 *(.bss*)
 .bss.boot_data
                0x000000002000006c       0x60 /workspace/bootloader/build/mcuboot/boot/bootutil/src/loader.o
 .bss.buf.9     0x00000000200000cc      0x400 /workspace/bootloader/build/mcuboot/boot/bootutil/src/loader.o
 .bss.sector_buffers
                0x00000000200004cc      0xc00 /workspace/bootloader/build/mcuboot/boot/bootutil/src/loader.o
 .bss.tmpbuf.4  0x00000000200010cc      0x100 /workspace/bootloader/build/mcuboot/boot/bootutil/src/loader.o
 .bss.FIH_SUCCESS
                0x00000000200011cc        0x4 /workspace/bootloader/build/mcuboot/boot/bootutil/src/fault_injection_hardening.o
                0x00000000200011cc                FIH_SUCCESS
 .bss.__malloc_free_list
                0x00000000200011d0        0x4 /opt/gcc-arm-none-eabi/bin/../lib/gcc/arm-none-eabi/10.3.1/../../../../arm-none-eabi/lib/thumb/v7e-m+fp/hard/libc_nano.a(lib_a-nano-mallocr.o)
                0x00000000200011d0                __malloc_free_list
 .bss.__malloc_sbrk_start
                0x00000000200011d4        0x4 /opt/gcc-arm-none-eabi/bin/../lib/gcc/arm-none-eabi/10.3.1/../../../../arm-none-eabi/lib/thumb/v7e-m+fp/hard/libc_nano.a(lib_a-nano-mallocr.o)
                0x00000000200011d4                __malloc_sbrk_start
 .bss.__lock___malloc_recursive_mutex
                0x00000000200011d8        0x1 /opt/gcc-arm-none-eabi/bin/../lib/gcc/arm-none-eabi/10.3.1/../../../../arm-none-eabi/lib/thumb/v7e-m+fp/hard/libc_nano.a(lib_a-lock.o)
                0x00000000200011d8                __lock___malloc_recursive_mutex
 .bss.__lock___sfp_recursive_mutex
                0x00000000200011d9        0x1 /opt/gcc-arm-none-eabi/bin/../lib/gcc/arm-none-eabi/10.3.1/../../../../arm-none-eabi/lib/thumb/v7e-m+fp/hard/libc_nano.a(lib_a-lock.o)
                0x00000000200011d9                __lock___sfp_recursive_mutex
 .bss.__lock___sinit_recursive_mutex
                0x00000000200011da        0x1 /opt/gcc-arm-none-eabi/bin/../lib/gcc/arm-none-eabi/10.3.1/../../../../arm-none-eabi/lib/thumb/v7e-m+fp/hard/libc_nano.a(lib_a-lock.o)
                0x00000000200011da                __lock___sinit_recursive_mutex
 *fill*         0x00000000200011db        0x1 
 .bss.errno     0x00000000200011dc        0x4 /opt/gcc-arm-none-eabi/bin/../lib/gcc/arm-none-eabi/10.3.1/../../../../arm-none-eabi/lib/thumb/v7e-m+fp/hard/libc_nano.a(lib_a-reent.o)
                0x00000000200011dc                errno
 .bss.heap_end.0
                0x00000000200011e0        0x4 /opt/gcc-arm-none-eabi/bin/../lib/gcc/arm-none-eabi/10.3.1/../../../../arm-none-eabi/lib/thumb/v7e-m+fp/hard/libnosys.a(sbrk.o)
 *(COMMON)

._stack         0x00000000200011e4        0x4 load address 0x0000000008002e40
                0x00000000200011e8                . = ALIGN (0x8)
 *fill*         0x00000000200011e4        0x4 
 *(.stack*)
OUTPUT(/workspace/bootloader/build/bootloader.elf elf32-littlearm)
LOAD linker stubs

.debug_info     0x0000000000000000     0x52b2
 .debug_info    0x0000000000000000      0x49e /workspace/bootloader/build/bootloader/main.o
 .debug_info    0x000000000000049e      0x4e5 /workspace/bootloader/build/bootloader/system_stm32l4xx.o
 .debug_info    0x0000000000000983      0x194 /workspace/bootloader/build/bootloader/flash_map_backend/flash_map.o
 .debug_info    0x0000000000000b17      0x5d9 /workspace/bootloader/build/bootloader/flash_map_backend/flash_map_backend.o
 .debug_info    0x00000000000010f0      0x3c6 /workspace/bootloader/build/bootloader/flash_map_backend/flash_map_extra.o
 .debug_info    0x00000000000014b6     0x2683 /workspace/bootloader/build/mcuboot/boot/bootutil/src/loader.o
 .debug_info    0x0000000000003b39     0x16b6 /workspace/bootloader/build/mcuboot/boot/bootutil/src/bootutil_public.o
 .debug_info    0x00000000000051ef       0x9d /workspace/bootloader/build/mcuboot/boot/bootutil/src/fault_injection_hardening.o
 .debug_info    0x000000000000528c       0x26 /workspace/bootloader/build/bootloader/startup_stm32l4a6xx.o

.debug_abbrev   0x0000000000000000     0x1017
 .debug_abbrev  0x0000000000000000      0x1c0 /workspace/bootloader/build/bootloader/main.o
 .debug_abbrev  0x00000000000001c0       0xd8 /workspace/bootloader/build/bootloader/system_stm32l4xx.o
 .debug_abbrev  0x0000000000000298       0xfa /workspace/bootloader/build/bootloader/flash_map_backend/flash_map.o
 .debug_abbrev  0x0000000000000392      0x1dd /workspace/bootloader/build/bootloader/flash_map_backend/flash_map_backend.o
 .debug_abbrev  0x000000000000056f      0x139 /workspace/bootloader/build/bootloader/flash_map_backend/flash_map_extra.o
 .debug_abbrev  0x00000000000006a8      0x4e8 /workspace/bootloader/build/mcuboot/boot/bootutil/src/loader.o
 .debug_abbrev  0x0000000000000b90      0x424 /workspace/bootloader/build/mcuboot/boot/bootutil/src/bootutil_public.o
 .debug_abbrev  0x0000000000000fb4       0x4f /workspace/bootloader/build/mcuboot/boot/bootutil/src/fault_injection_hardening.o
 .debug_abbrev  0x0000000000001003       0x14 /workspace/bootloader/build/bootloader/startup_stm32l4a6xx.o

.debug_loc      0x0000000000000000     0x2f3e
 .debug_loc     0x0000000000000000       0x87 /workspace/bootloader/build/bootloader/main.o
 .debug_loc     0x0000000000000087       0x25 /workspace/bootloader/build/bootloader/flash_map_backend/flash_map.o
 .debug_loc     0x00000000000000ac      0x4dd /workspace/bootloader/build/bootloader/flash_map_backend/flash_map_backend.o
 .debug_loc     0x0000000000000589      0x227 /workspace/bootloader/build/bootloader/flash_map_backend/flash_map_extra.o
 .debug_loc     0x00000000000007b0     0x185b /workspace/bootloader/build/mcuboot/boot/bootutil/src/loader.o
 .debug_loc     0x000000000000200b      0xf33 /workspace/bootloader/build/mcuboot/boot/bootutil/src/bootutil_public.o

.debug_aranges  0x0000000000000000      0x2d0
 .debug_aranges
                0x0000000000000000       0x20 /workspace/bootloader/build/bootloader/main.o
 .debug_aranges
                0x0000000000000020       0x28 /workspace/bootloader/build/bootloader/system_stm32l4xx.o
 .debug_aranges
                0x0000000000000048       0x30 /workspace/bootloader/build/bootloader/flash_map_backend/flash_map.o
 .debug_aranges
                0x0000000000000078       0x50 /workspace/bootloader/build/bootloader/flash_map_backend/flash_map_backend.o
 .debug_aranges
                0x00000000000000c8       0x60 /workspace/bootloader/build/bootloader/flash_map_backend/flash_map_extra.o
 .debug_aranges
                0x0000000000000128       0xa0 /workspace/bootloader/build/mcuboot/boot/bootutil/src/loader.o
 .debug_aranges
                0x00000000000001c8       0xd0 /workspace/bootloader/build/mcuboot/boot/bootutil/src/bootutil_public.o
 .debug_aranges
                0x0000000000000298       0x18 /workspace/bootloader/build/mcuboot/boot/bootutil/src/fault_injection_hardening.o
 .debug_aranges
                0x00000000000002b0       0x20 /workspace/bootloader/build/bootloader/startup_stm32l4a6xx.o

.debug_ranges   0x0000000000000000      0x5e8
 .debug_ranges  0x0000000000000000       0x10 /workspace/bootloader/build/bootloader/main.o
 .debug_ranges  0x0000000000000010       0x18 /workspace/bootloader/build/bootloader/system_stm32l4xx.o
 .debug_ranges  0x0000000000000028       0x20 /workspace/bootloader/build/bootloader/flash_map_backend/flash_map.o
 .debug_ranges  0x0000000000000048       0x80 /workspace/bootloader/build/bootloader/flash_map_backend/flash_map_backend.o
 .debug_ranges  0x00000000000000c8       0x50 /workspace/bootloader/build/bootloader/flash_map_backend/flash_map_extra.o
 .debug_ranges  0x0000000000000118      0x360 /workspace/bootloader/build/mcuboot/boot/bootutil/src/loader.o
 .debug_ranges  0x0000000000000478      0x170 /workspace/bootloader/build/mcuboot/boot/bootutil/src/bootutil_public.o

.debug_macro    0x0000000000000000    0x207e3
 .debug_macro   0x0000000000000000      0x1ff /workspace/bootloader/build/bootloader/main.o
 .debug_macro   0x00000000000001ff      0xa6c /workspace/bootloader/build/bootloader/main.o
 .debug_macro   0x0000000000000c6b       0x22 /workspace/bootloader/build/bootloader/main.o
 .debug_macro   0x0000000000000c8d       0x8e /workspace/bootloader/build/bootloader/main.o
 .debug_macro   0x0000000000000d1b       0x51 /workspace/bootloader/build/bootloader/main.o
 .debug_macro   0x0000000000000d6c      0x103 /workspace/bootloader/build/bootloader/main.o
 .debug_macro   0x0000000000000e6f       0x6a /workspace/bootloader/build/bootloader/main.o
 .debug_macro   0x0000000000000ed9      0x1df /workspace/bootloader/build/bootloader/main.o
 .debug_macro   0x00000000000010b8       0x64 /workspace/bootloader/build/bootloader/main.o
 .debug_macro   0x000000000000111c       0x1e /workspace/bootloader/build/bootloader/main.o
 .debug_macro   0x000000000000113a       0x35 /workspace/bootloader/build/bootloader/main.o
 .debug_macro   0x000000000000116f       0x3a /workspace/bootloader/build/bootloader/main.o
 .debug_macro   0x00000000000011a9       0x82 /workspace/bootloader/build/bootloader/main.o
 .debug_macro   0x000000000000122b      0x4cc /workspace/bootloader/build/bootloader/main.o
 .debug_macro   0x00000000000016f7       0x46 /workspace/bootloader/build/bootloader/main.o
 .debug_macro   0x000000000000173d       0x75 /workspace/bootloader/build/bootloader/main.o
 .debug_macro   0x00000000000017b2       0x22 /workspace/bootloader/build/bootloader/main.o
 .debug_macro   0x00000000000017d4      0x104 /workspace/bootloader/build/bootloader/main.o
 .debug_macro   0x00000000000018d8       0x16 /workspace/bootloader/build/bootloader/main.o
 .debug_macro   0x00000000000018ee       0x43 /workspace/bootloader/build/bootloader/main.o
 .debug_macro   0x0000000000001931       0x34 /workspace/bootloader/build/bootloader/main.o
 .debug_macro   0x0000000000001965       0x10 /workspace/bootloader/build/bootloader/main.o
 .debug_macro   0x0000000000001975       0x58 /workspace/bootloader/build/bootloader/main.o
 .debug_macro   0x00000000000019cd      0x182 /workspace/bootloader/build/bootloader/main.o
 .debug_macro   0x0000000000001b4f      0x341 /workspace/bootloader/build/bootloader/main.o
 .debug_macro   0x0000000000001e90       0x10 /workspace/bootloader/build/bootloader/main.o
 .debug_macro   0x0000000000001ea0       0x35 /workspace/bootloader/build/bootloader/main.o
 .debug_macro   0x0000000000001ed5      0x127 /workspace/bootloader/build/bootloader/main.o
 .debug_macro   0x0000000000001ffc       0xcd /workspace/bootloader/build/bootloader/main.o
 .debug_macro   0x00000000000020c9       0x1c /workspace/bootloader/build/bootloader/main.o
 .debug_macro   0x00000000000020e5       0x1c /workspace/bootloader/build/bootloader/main.o
 .debug_macro   0x0000000000002101       0x28 /workspace/bootloader/build/bootloader/main.o
 .debug_macro   0x0000000000002129       0x1c /workspace/bootloader/build/bootloader/main.o
 .debug_macro   0x0000000000002145       0x22 /workspace/bootloader/build/bootloader/main.o
 .debug_macro   0x0000000000002167      0x107 /workspace/bootloader/build/bootloader/main.o
 .debug_macro   0x000000000000226e     0x1057 /workspace/bootloader/build/bootloader/main.o
 .debug_macro   0x00000000000032c5      0x11f /workspace/bootloader/build/bootloader/main.o
 .debug_macro   0x00000000000033e4    0x1c8c1 /workspace/bootloader/build/bootloader/main.o
 .debug_macro   0x000000000001fca5       0xb9 /workspace/bootloader/build/bootloader/system_stm32l4xx.o
 .debug_macro   0x000000000001fd5e       0x74 /workspace/bootloader/build/bootloader/flash_map_backend/flash_map.o
 .debug_macro   0x000000000001fdd2      0x1a6 /workspace/bootloader/build/bootloader/flash_map_backend/flash_map_backend.o
 .debug_macro   0x000000000001ff78       0x79 /workspace/bootloader/build/bootloader/flash_map_backend/flash_map_extra.o
 .debug_macro   0x000000000001fff1      0x263 /workspace/bootloader/build/mcuboot/boot/bootutil/src/loader.o
 .debug_macro   0x0000000000020254       0x5e /workspace/bootloader/build/mcuboot/boot/bootutil/src/loader.o
 .debug_macro   0x00000000000202b2       0x94 /workspace/bootloader/build/mcuboot/boot/bootutil/src/loader.o
 .debug_macro   0x0000000000020346       0x57 /workspace/bootloader/build/mcuboot/boot/bootutil/src/loader.o
 .debug_macro   0x000000000002039d       0x16 /workspace/bootloader/build/mcuboot/boot/bootutil/src/loader.o
 .debug_macro   0x00000000000203b3       0x16 /workspace/bootloader/build/mcuboot/boot/bootutil/src/loader.o
 .debug_macro   0x00000000000203c9       0x29 /workspace/bootloader/build/mcuboot/boot/bootutil/src/loader.o
 .debug_macro   0x00000000000203f2       0x16 /workspace/bootloader/build/mcuboot/boot/bootutil/src/loader.o
 .debug_macro   0x0000000000020408       0xdb /workspace/bootloader/build/mcuboot/boot/bootutil/src/loader.o
 .debug_macro   0x00000000000204e3       0x56 /workspace/bootloader/build/mcuboot/boot/bootutil/src/loader.o
 .debug_macro   0x0000000000020539       0x10 /workspace/bootloader/build/mcuboot/boot/bootutil/src/loader.o
 .debug_macro   0x0000000000020549      0x1ff /workspace/bootloader/build/mcuboot/boot/bootutil/src/bootutil_public.o
 .debug_macro   0x0000000000020748       0x22 /workspace/bootloader/build/mcuboot/boot/bootutil/src/bootutil_public.o
 .debug_macro   0x000000000002076a       0x50 /workspace/bootloader/build/mcuboot/boot/bootutil/src/bootutil_public.o
 .debug_macro   0x00000000000207ba       0x29 /workspace/bootloader/build/mcuboot/boot/bootutil/src/fault_injection_hardening.o

.debug_line     0x0000000000000000     0x3325
 .debug_line    0x0000000000000000      0x489 /workspace/bootloader/build/bootloader/main.o
 .debug_line    0x0000000000000489      0x281 /workspace/bootloader/build/bootloader/system_stm32l4xx.o
 .debug_line    0x000000000000070a      0x1f2 /workspace/bootloader/build/bootloader/flash_map_backend/flash_map.o
 .debug_line    0x00000000000008fc      0x612 /workspace/bootloader/build/bootloader/flash_map_backend/flash_map_backend.o
 .debug_line    0x0000000000000f0e      0x336 /workspace/bootloader/build/bootloader/flash_map_backend/flash_map_extra.o
 .debug_line    0x0000000000001244     0x12fe /workspace/bootloader/build/mcuboot/boot/bootutil/src/loader.o
 .debug_line    0x0000000000002542      0xc83 /workspace/bootloader/build/mcuboot/boot/bootutil/src/bootutil_public.o
 .debug_line    0x00000000000031c5       0xeb /workspace/bootloader/build/mcuboot/boot/bootutil/src/fault_injection_hardening.o
 .debug_line    0x00000000000032b0       0x75 /workspace/bootloader/build/bootloader/startup_stm32l4a6xx.o

.debug_str      0x0000000000000000    0xb1462
 .debug_str     0x0000000000000000    0xaf30f /workspace/bootloader/build/bootloader/main.o
                                      0xaf561 (size before relaxing)
 .debug_str     0x00000000000af30f      0x196 /workspace/bootloader/build/bootloader/system_stm32l4xx.o
                                      0xaa938 (size before relaxing)
 .debug_str     0x00000000000af4a5       0x91 /workspace/bootloader/build/bootloader/flash_map_backend/flash_map.o
                                       0x3f6c (size before relaxing)
 .debug_str     0x00000000000af536      0x193 /workspace/bootloader/build/bootloader/flash_map_backend/flash_map_backend.o
                                      0xad4c8 (size before relaxing)
 .debug_str     0x00000000000af6c9      0x13b /workspace/bootloader/build/bootloader/flash_map_backend/flash_map_extra.o
                                       0x419d (size before relaxing)
 .debug_str     0x00000000000af804     0x17e5 /workspace/bootloader/build/mcuboot/boot/bootutil/src/loader.o
                                       0xa31b (size before relaxing)
 .debug_str     0x00000000000b0fe9      0x3fe /workspace/bootloader/build/mcuboot/boot/bootutil/src/bootutil_public.o
                                       0x9df5 (size before relaxing)
 .debug_str     0x00000000000b13e7       0x41 /workspace/bootloader/build/mcuboot/boot/bootutil/src/fault_injection_hardening.o
                                       0x30bf (size before relaxing)
 .debug_str     0x00000000000b1428       0x3a /workspace/bootloader/build/bootloader/startup_stm32l4a6xx.o
                                         0x50 (size before relaxing)

.comment        0x0000000000000000       0x49
 .comment       0x0000000000000000       0x49 /workspace/bootloader/build/bootloader/main.o
                                         0x4a (size before relaxing)
 .comment       0x0000000000000049       0x4a /workspace/bootloader/build/bootloader/system_stm32l4xx.o
 .comment       0x0000000000000049       0x4a /workspace/bootloader/build/bootloader/flash_map_backend/flash_map.o
 .comment       0x0000000000000049       0x4a /workspace/bootloader/build/bootloader/flash_map_backend/flash_map_backend.o
 .comment       0x0000000000000049       0x4a /workspace/bootloader/build/bootloader/flash_map_backend/flash_map_extra.o
 .comment       0x0000000000000049       0x4a /workspace/bootloader/build/mcuboot/boot/bootutil/src/loader.o
 .comment       0x0000000000000049       0x4a /workspace/bootloader/build/mcuboot/boot/bootutil/src/bootutil_public.o
 .comment       0x0000000000000049       0x4a /workspace/bootloader/build/mcuboot/boot/bootutil/src/fault_injection_hardening.o

.ARM.attributes
                0x0000000000000000       0x32
 .ARM.attributes
                0x0000000000000000       0x34 /workspace/bootloader/build/bootloader/main.o
 .ARM.attributes
                0x0000000000000034       0x34 /workspace/bootloader/build/bootloader/system_stm32l4xx.o
 .ARM.attributes
                0x0000000000000068       0x34 /workspace/bootloader/build/bootloader/flash_map_backend/flash_map.o
 .ARM.attributes
                0x000000000000009c       0x34 /workspace/bootloader/build/bootloader/flash_map_backend/flash_map_backend.o
 .ARM.attributes
                0x00000000000000d0       0x34 /workspace/bootloader/build/bootloader/flash_map_backend/flash_map_extra.o
 .ARM.attributes
                0x0000000000000104       0x34 /workspace/bootloader/build/mcuboot/boot/bootutil/src/loader.o
 .ARM.attributes
                0x0000000000000138       0x34 /workspace/bootloader/build/mcuboot/boot/bootutil/src/bootutil_public.o
 .ARM.attributes
                0x000000000000016c       0x34 /workspace/bootloader/build/mcuboot/boot/bootutil/src/fault_injection_hardening.o
 .ARM.attributes
                0x00000000000001a0       0x25 /workspace/bootloader/build/bootloader/startup_stm32l4a6xx.o
 .ARM.attributes
                0x00000000000001c5       0x34 /opt/gcc-arm-none-eabi/bin/../lib/gcc/arm-none-eabi/10.3.1/../../../../arm-none-eabi/lib/thumb/v7e-m+fp/hard/libc_nano.a(lib_a-assert.o)
 .ARM.attributes
                0x00000000000001f9       0x34 /opt/gcc-arm-none-eabi/bin/../lib/gcc/arm-none-eabi/10.3.1/../../../../arm-none-eabi/lib/thumb/v7e-m+fp/hard/libc_nano.a(lib_a-fprintf.o)
 .ARM.attributes
                0x000000000000022d       0x34 /opt/gcc-arm-none-eabi/bin/../lib/gcc/arm-none-eabi/10.3.1/../../../../arm-none-eabi/lib/thumb/v7e-m+fp/hard/libc_nano.a(lib_a-impure.o)
 .ARM.attributes
                0x0000000000000261       0x34 /opt/gcc-arm-none-eabi/bin/../lib/gcc/arm-none-eabi/10.3.1/../../../../arm-none-eabi/lib/thumb/v7e-m+fp/hard/libc_nano.a(lib_a-memcmp.o)
 .ARM.attributes
                0x0000000000000295       0x34 /opt/gcc-arm-none-eabi/bin/../lib/gcc/arm-none-eabi/10.3.1/../../../../arm-none-eabi/lib/thumb/v7e-m+fp/hard/libc_nano.a(lib_a-memcpy-stub.o)
 .ARM.attributes
                0x00000000000002c9       0x34 /opt/gcc-arm-none-eabi/bin/../lib/gcc/arm-none-eabi/10.3.1/../../../../arm-none-eabi/lib/thumb/v7e-m+fp/hard/libc_nano.a(lib_a-memset.o)
 .ARM.attributes
                0x00000000000002fd       0x34 /opt/gcc-arm-none-eabi/bin/../lib/gcc/arm-none-eabi/10.3.1/../../../../arm-none-eabi/lib/thumb/v7e-m+fp/hard/libc_nano.a(lib_a-nano-freer.o)
 .ARM.attributes
                0x0000000000000331       0x34 /opt/gcc-arm-none-eabi/bin/../lib/gcc/arm-none-eabi/10.3.1/../../../../arm-none-eabi/lib/thumb/v7e-m+fp/hard/libc_nano.a(lib_a-nano-mallocr.o)
 .ARM.attributes
                0x0000000000000365       0x34 /opt/gcc-arm-none-eabi/bin/../lib/gcc/arm-none-eabi/10.3.1/../../../../arm-none-eabi/lib/thumb/v7e-m+fp/hard/libc_nano.a(lib_a-nano-vfprintf.o)
 .ARM.attributes
                0x0000000000000399       0x34 /opt/gcc-arm-none-eabi/bin/../lib/gcc/arm-none-eabi/10.3.1/../../../../arm-none-eabi/lib/thumb/v7e-m+fp/hard/libc_nano.a(lib_a-nano-vfprintf_i.o)
 .ARM.attributes
                0x00000000000003cd       0x34 /opt/gcc-arm-none-eabi/bin/../lib/gcc/arm-none-eabi/10.3.1/../../../../arm-none-eabi/lib/thumb/v7e-m+fp/hard/libc_nano.a(lib_a-sbrkr.o)
 .ARM.attributes
                0x0000000000000401       0x34 /opt/gcc-arm-none-eabi/bin/../lib/gcc/arm-none-eabi/10.3.1/../../../../arm-none-eabi/lib/thumb/v7e-m+fp/hard/libc_nano.a(lib_a-wbuf.o)
 .ARM.attributes
                0x0000000000000435       0x34 /opt/gcc-arm-none-eabi/bin/../lib/gcc/arm-none-eabi/10.3.1/../../../../arm-none-eabi/lib/thumb/v7e-m+fp/hard/libc_nano.a(lib_a-wsetup.o)
 .ARM.attributes
                0x0000000000000469       0x34 /opt/gcc-arm-none-eabi/bin/../lib/gcc/arm-none-eabi/10.3.1/../../../../arm-none-eabi/lib/thumb/v7e-m+fp/hard/libc_nano.a(lib_a-abort.o)
 .ARM.attributes
                0x000000000000049d       0x34 /opt/gcc-arm-none-eabi/bin/../lib/gcc/arm-none-eabi/10.3.1/../../../../arm-none-eabi/lib/thumb/v7e-m+fp/hard/libc_nano.a(lib_a-fflush.o)
 .ARM.attributes
                0x00000000000004d1       0x34 /opt/gcc-arm-none-eabi/bin/../lib/gcc/arm-none-eabi/10.3.1/../../../../arm-none-eabi/lib/thumb/v7e-m+fp/hard/libc_nano.a(lib_a-findfp.o)
 .ARM.attributes
                0x0000000000000505       0x34 /opt/gcc-arm-none-eabi/bin/../lib/gcc/arm-none-eabi/10.3.1/../../../../arm-none-eabi/lib/thumb/v7e-m+fp/hard/libc_nano.a(lib_a-fwalk.o)
 .ARM.attributes
                0x0000000000000539       0x34 /opt/gcc-arm-none-eabi/bin/../lib/gcc/arm-none-eabi/10.3.1/../../../../arm-none-eabi/lib/thumb/v7e-m+fp/hard/libc_nano.a(lib_a-lock.o)
 .ARM.attributes
                0x000000000000056d       0x34 /opt/gcc-arm-none-eabi/bin/../lib/gcc/arm-none-eabi/10.3.1/../../../../arm-none-eabi/lib/thumb/v7e-m+fp/hard/libc_nano.a(lib_a-makebuf.o)
 .ARM.attributes
                0x00000000000005a1       0x1c /opt/gcc-arm-none-eabi/bin/../lib/gcc/arm-none-eabi/10.3.1/../../../../arm-none-eabi/lib/thumb/v7e-m+fp/hard/libc_nano.a(lib_a-memchr.o)
 .ARM.attributes
                0x00000000000005bd       0x34 /opt/gcc-arm-none-eabi/bin/../lib/gcc/arm-none-eabi/10.3.1/../../../../arm-none-eabi/lib/thumb/v7e-m+fp/hard/libc_nano.a(lib_a-mlock.o)
 .ARM.attributes
                0x00000000000005f1       0x34 /opt/gcc-arm-none-eabi/bin/../lib/gcc/arm-none-eabi/10.3.1/../../../../arm-none-eabi/lib/thumb/v7e-m+fp/hard/libc_nano.a(lib_a-reent.o)
 .ARM.attributes
                0x0000000000000625       0x34 /opt/gcc-arm-none-eabi/bin/../lib/gcc/arm-none-eabi/10.3.1/../../../../arm-none-eabi/lib/thumb/v7e-m+fp/hard/libc_nano.a(lib_a-signal.o)
 .ARM.attributes
                0x0000000000000659       0x34 /opt/gcc-arm-none-eabi/bin/../lib/gcc/arm-none-eabi/10.3.1/../../../../arm-none-eabi/lib/thumb/v7e-m+fp/hard/libc_nano.a(lib_a-signalr.o)
 .ARM.attributes
                0x000000000000068d       0x34 /opt/gcc-arm-none-eabi/bin/../lib/gcc/arm-none-eabi/10.3.1/../../../../arm-none-eabi/lib/thumb/v7e-m+fp/hard/libc_nano.a(lib_a-stdio.o)
 .ARM.attributes
                0x00000000000006c1       0x34 /opt/gcc-arm-none-eabi/bin/../lib/gcc/arm-none-eabi/10.3.1/../../../../arm-none-eabi/lib/thumb/v7e-m+fp/hard/libc_nano.a(lib_a-writer.o)
 .ARM.attributes
                0x00000000000006f5       0x34 /opt/gcc-arm-none-eabi/bin/../lib/gcc/arm-none-eabi/10.3.1/../../../../arm-none-eabi/lib/thumb/v7e-m+fp/hard/libc_nano.a(lib_a-closer.o)
 .ARM.attributes
                0x0000000000000729       0x34 /opt/gcc-arm-none-eabi/bin/../lib/gcc/arm-none-eabi/10.3.1/../../../../arm-none-eabi/lib/thumb/v7e-m+fp/hard/libc_nano.a(lib_a-fstatr.o)
 .ARM.attributes
                0x000000000000075d       0x34 /opt/gcc-arm-none-eabi/bin/../lib/gcc/arm-none-eabi/10.3.1/../../../../arm-none-eabi/lib/thumb/v7e-m+fp/hard/libc_nano.a(lib_a-isattyr.o)
 .ARM.attributes
                0x0000000000000791       0x34 /opt/gcc-arm-none-eabi/bin/../lib/gcc/arm-none-eabi/10.3.1/../../../../arm-none-eabi/lib/thumb/v7e-m+fp/hard/libc_nano.a(lib_a-lseekr.o)
 .ARM.attributes
                0x00000000000007c5       0x34 /opt/gcc-arm-none-eabi/bin/../lib/gcc/arm-none-eabi/10.3.1/../../../../arm-none-eabi/lib/thumb/v7e-m+fp/hard/libc_nano.a(lib_a-readr.o)
 .ARM.attributes
                0x00000000000007f9       0x34 /opt/gcc-arm-none-eabi/bin/../lib/gcc/arm-none-eabi/10.3.1/../../../../arm-none-eabi/lib/thumb/v7e-m+fp/hard/libnosys.a(close.o)
 .ARM.attributes
                0x000000000000082d       0x34 /opt/gcc-arm-none-eabi/bin/../lib/gcc/arm-none-eabi/10.3.1/../../../../arm-none-eabi/lib/thumb/v7e-m+fp/hard/libnosys.a(fstat.o)
 .ARM.attributes
                0x0000000000000861       0x34 /opt/gcc-arm-none-eabi/bin/../lib/gcc/arm-none-eabi/10.3.1/../../../../arm-none-eabi/lib/thumb/v7e-m+fp/hard/libnosys.a(getpid.o)
 .ARM.attributes
                0x0000000000000895       0x34 /opt/gcc-arm-none-eabi/bin/../lib/gcc/arm-none-eabi/10.3.1/../../../../arm-none-eabi/lib/thumb/v7e-m+fp/hard/libnosys.a(isatty.o)
 .ARM.attributes
                0x00000000000008c9       0x34 /opt/gcc-arm-none-eabi/bin/../lib/gcc/arm-none-eabi/10.3.1/../../../../arm-none-eabi/lib/thumb/v7e-m+fp/hard/libnosys.a(kill.o)
 .ARM.attributes
                0x00000000000008fd       0x34 /opt/gcc-arm-none-eabi/bin/../lib/gcc/arm-none-eabi/10.3.1/../../../../arm-none-eabi/lib/thumb/v7e-m+fp/hard/libnosys.a(lseek.o)
 .ARM.attributes
                0x0000000000000931       0x34 /opt/gcc-arm-none-eabi/bin/../lib/gcc/arm-none-eabi/10.3.1/../../../../arm-none-eabi/lib/thumb/v7e-m+fp/hard/libnosys.a(read.o)
 .ARM.attributes
                0x0000000000000965       0x34 /opt/gcc-arm-none-eabi/bin/../lib/gcc/arm-none-eabi/10.3.1/../../../../arm-none-eabi/lib/thumb/v7e-m+fp/hard/libnosys.a(sbrk.o)
 .ARM.attributes
                0x0000000000000999       0x34 /opt/gcc-arm-none-eabi/bin/../lib/gcc/arm-none-eabi/10.3.1/../../../../arm-none-eabi/lib/thumb/v7e-m+fp/hard/libnosys.a(write.o)
 .ARM.attributes
                0x00000000000009cd       0x34 /opt/gcc-arm-none-eabi/bin/../lib/gcc/arm-none-eabi/10.3.1/../../../../arm-none-eabi/lib/thumb/v7e-m+fp/hard/libnosys.a(_exit.o)

.debug_frame    0x0000000000000000     0x1144
 .debug_frame   0x0000000000000000       0x28 /workspace/bootloader/build/bootloader/main.o
 .debug_frame   0x0000000000000028       0x30 /workspace/bootloader/build/bootloader/system_stm32l4xx.o
 .debug_frame   0x0000000000000058       0x40 /workspace/bootloader/build/bootloader/flash_map_backend/flash_map.o
 .debug_frame   0x0000000000000098       0xa0 /workspace/bootloader/build/bootloader/flash_map_backend/flash_map_backend.o
 .debug_frame   0x0000000000000138       0xb0 /workspace/bootloader/build/bootloader/flash_map_backend/flash_map_extra.o
 .debug_frame   0x00000000000001e8      0x1fc /workspace/bootloader/build/mcuboot/boot/bootutil/src/loader.o
 .debug_frame   0x00000000000003e4      0x294 /workspace/bootloader/build/mcuboot/boot/bootutil/src/bootutil_public.o
 .debug_frame   0x0000000000000678       0x40 /opt/gcc-arm-none-eabi/bin/../lib/gcc/arm-none-eabi/10.3.1/../../../../arm-none-eabi/lib/thumb/v7e-m+fp/hard/libc_nano.a(lib_a-assert.o)
 .debug_frame   0x00000000000006b8       0x64 /opt/gcc-arm-none-eabi/bin/../lib/gcc/arm-none-eabi/10.3.1/../../../../arm-none-eabi/lib/thumb/v7e-m+fp/hard/libc_nano.a(lib_a-fprintf.o)
 .debug_frame   0x000000000000071c       0x28 /opt/gcc-arm-none-eabi/bin/../lib/gcc/arm-none-eabi/10.3.1/../../../../arm-none-eabi/lib/thumb/v7e-m+fp/hard/libc_nano.a(lib_a-memcmp.o)
 .debug_frame   0x0000000000000744       0x28 /opt/gcc-arm-none-eabi/bin/../lib/gcc/arm-none-eabi/10.3.1/../../../../arm-none-eabi/lib/thumb/v7e-m+fp/hard/libc_nano.a(lib_a-memcpy-stub.o)
 .debug_frame   0x000000000000076c       0x20 /opt/gcc-arm-none-eabi/bin/../lib/gcc/arm-none-eabi/10.3.1/../../../../arm-none-eabi/lib/thumb/v7e-m+fp/hard/libc_nano.a(lib_a-memset.o)
 .debug_frame   0x000000000000078c       0x38 /opt/gcc-arm-none-eabi/bin/../lib/gcc/arm-none-eabi/10.3.1/../../../../arm-none-eabi/lib/thumb/v7e-m+fp/hard/libc_nano.a(lib_a-nano-freer.o)
 .debug_frame   0x00000000000007c4       0x4c /opt/gcc-arm-none-eabi/bin/../lib/gcc/arm-none-eabi/10.3.1/../../../../arm-none-eabi/lib/thumb/v7e-m+fp/hard/libc_nano.a(lib_a-nano-mallocr.o)
 .debug_frame   0x0000000000000810       0xac /opt/gcc-arm-none-eabi/bin/../lib/gcc/arm-none-eabi/10.3.1/../../../../arm-none-eabi/lib/thumb/v7e-m+fp/hard/libc_nano.a(lib_a-nano-vfprintf.o)
 .debug_frame   0x00000000000008bc       0x60 /opt/gcc-arm-none-eabi/bin/../lib/gcc/arm-none-eabi/10.3.1/../../../../arm-none-eabi/lib/thumb/v7e-m+fp/hard/libc_nano.a(lib_a-nano-vfprintf_i.o)
 .debug_frame   0x000000000000091c       0x2c /opt/gcc-arm-none-eabi/bin/../lib/gcc/arm-none-eabi/10.3.1/../../../../arm-none-eabi/lib/thumb/v7e-m+fp/hard/libc_nano.a(lib_a-sbrkr.o)
 .debug_frame   0x0000000000000948       0x40 /opt/gcc-arm-none-eabi/bin/../lib/gcc/arm-none-eabi/10.3.1/../../../../arm-none-eabi/lib/thumb/v7e-m+fp/hard/libc_nano.a(lib_a-wbuf.o)
 .debug_frame   0x0000000000000988       0x2c /opt/gcc-arm-none-eabi/bin/../lib/gcc/arm-none-eabi/10.3.1/../../../../arm-none-eabi/lib/thumb/v7e-m+fp/hard/libc_nano.a(lib_a-wsetup.o)
 .debug_frame   0x00000000000009b4       0x28 /opt/gcc-arm-none-eabi/bin/../lib/gcc/arm-none-eabi/10.3.1/../../../../arm-none-eabi/lib/thumb/v7e-m+fp/hard/libc_nano.a(lib_a-abort.o)
 .debug_frame   0x00000000000009dc       0x5c /opt/gcc-arm-none-eabi/bin/../lib/gcc/arm-none-eabi/10.3.1/../../../../arm-none-eabi/lib/thumb/v7e-m+fp/hard/libc_nano.a(lib_a-fflush.o)
 .debug_frame   0x0000000000000a38      0x14c /opt/gcc-arm-none-eabi/bin/../lib/gcc/arm-none-eabi/10.3.1/../../../../arm-none-eabi/lib/thumb/v7e-m+fp/hard/libc_nano.a(lib_a-findfp.o)
 .debug_frame   0x0000000000000b84       0x54 /opt/gcc-arm-none-eabi/bin/../lib/gcc/arm-none-eabi/10.3.1/../../../../arm-none-eabi/lib/thumb/v7e-m+fp/hard/libc_nano.a(lib_a-fwalk.o)
 .debug_frame   0x0000000000000bd8       0xb0 /opt/gcc-arm-none-eabi/bin/../lib/gcc/arm-none-eabi/10.3.1/../../../../arm-none-eabi/lib/thumb/v7e-m+fp/hard/libc_nano.a(lib_a-lock.o)
 .debug_frame   0x0000000000000c88       0x58 /opt/gcc-arm-none-eabi/bin/../lib/gcc/arm-none-eabi/10.3.1/../../../../arm-none-eabi/lib/thumb/v7e-m+fp/hard/libc_nano.a(lib_a-makebuf.o)
 .debug_frame   0x0000000000000ce0       0x30 /opt/gcc-arm-none-eabi/bin/../lib/gcc/arm-none-eabi/10.3.1/../../../../arm-none-eabi/lib/thumb/v7e-m+fp/hard/libc_nano.a(lib_a-mlock.o)
 .debug_frame   0x0000000000000d10       0x5c /opt/gcc-arm-none-eabi/bin/../lib/gcc/arm-none-eabi/10.3.1/../../../../arm-none-eabi/lib/thumb/v7e-m+fp/hard/libc_nano.a(lib_a-reent.o)
 .debug_frame   0x0000000000000d6c       0xcc /opt/gcc-arm-none-eabi/bin/../lib/gcc/arm-none-eabi/10.3.1/../../../../arm-none-eabi/lib/thumb/v7e-m+fp/hard/libc_nano.a(lib_a-signal.o)
 .debug_frame   0x0000000000000e38       0x3c /opt/gcc-arm-none-eabi/bin/../lib/gcc/arm-none-eabi/10.3.1/../../../../arm-none-eabi/lib/thumb/v7e-m+fp/hard/libc_nano.a(lib_a-signalr.o)
 .debug_frame   0x0000000000000e74       0x88 /opt/gcc-arm-none-eabi/bin/../lib/gcc/arm-none-eabi/10.3.1/../../../../arm-none-eabi/lib/thumb/v7e-m+fp/hard/libc_nano.a(lib_a-stdio.o)
 .debug_frame   0x0000000000000efc       0x2c /opt/gcc-arm-none-eabi/bin/../lib/gcc/arm-none-eabi/10.3.1/../../../../arm-none-eabi/lib/thumb/v7e-m+fp/hard/libc_nano.a(lib_a-writer.o)
 .debug_frame   0x0000000000000f28       0x2c /opt/gcc-arm-none-eabi/bin/../lib/gcc/arm-none-eabi/10.3.1/../../../../arm-none-eabi/lib/thumb/v7e-m+fp/hard/libc_nano.a(lib_a-closer.o)
 .debug_frame   0x0000000000000f54       0x2c /opt/gcc-arm-none-eabi/bin/../lib/gcc/arm-none-eabi/10.3.1/../../../../arm-none-eabi/lib/thumb/v7e-m+fp/hard/libc_nano.a(lib_a-fstatr.o)
 .debug_frame   0x0000000000000f80       0x2c /opt/gcc-arm-none-eabi/bin/../lib/gcc/arm-none-eabi/10.3.1/../../../../arm-none-eabi/lib/thumb/v7e-m+fp/hard/libc_nano.a(lib_a-isattyr.o)
 .debug_frame   0x0000000000000fac       0x2c /opt/gcc-arm-none-eabi/bin/../lib/gcc/arm-none-eabi/10.3.1/../../../../arm-none-eabi/lib/thumb/v7e-m+fp/hard/libc_nano.a(lib_a-lseekr.o)
 .debug_frame   0x0000000000000fd8       0x2c /opt/gcc-arm-none-eabi/bin/../lib/gcc/arm-none-eabi/10.3.1/../../../../arm-none-eabi/lib/thumb/v7e-m+fp/hard/libc_nano.a(lib_a-readr.o)
 .debug_frame   0x0000000000001004       0x20 /opt/gcc-arm-none-eabi/bin/../lib/gcc/arm-none-eabi/10.3.1/../../../../arm-none-eabi/lib/thumb/v7e-m+fp/hard/libnosys.a(close.o)
 .debug_frame   0x0000000000001024       0x20 /opt/gcc-arm-none-eabi/bin/../lib/gcc/arm-none-eabi/10.3.1/../../../../arm-none-eabi/lib/thumb/v7e-m+fp/hard/libnosys.a(fstat.o)
 .debug_frame   0x0000000000001044       0x20 /opt/gcc-arm-none-eabi/bin/../lib/gcc/arm-none-eabi/10.3.1/../../../../arm-none-eabi/lib/thumb/v7e-m+fp/hard/libnosys.a(getpid.o)
 .debug_frame   0x0000000000001064       0x20 /opt/gcc-arm-none-eabi/bin/../lib/gcc/arm-none-eabi/10.3.1/../../../../arm-none-eabi/lib/thumb/v7e-m+fp/hard/libnosys.a(isatty.o)
 .debug_frame   0x0000000000001084       0x20 /opt/gcc-arm-none-eabi/bin/../lib/gcc/arm-none-eabi/10.3.1/../../../../arm-none-eabi/lib/thumb/v7e-m+fp/hard/libnosys.a(kill.o)
 .debug_frame   0x00000000000010a4       0x20 /opt/gcc-arm-none-eabi/bin/../lib/gcc/arm-none-eabi/10.3.1/../../../../arm-none-eabi/lib/thumb/v7e-m+fp/hard/libnosys.a(lseek.o)
 .debug_frame   0x00000000000010c4       0x20 /opt/gcc-arm-none-eabi/bin/../lib/gcc/arm-none-eabi/10.3.1/../../../../arm-none-eabi/lib/thumb/v7e-m+fp/hard/libnosys.a(read.o)
 .debug_frame   0x00000000000010e4       0x20 /opt/gcc-arm-none-eabi/bin/../lib/gcc/arm-none-eabi/10.3.1/../../../../arm-none-eabi/lib/thumb/v7e-m+fp/hard/libnosys.a(sbrk.o)
 .debug_frame   0x0000000000001104       0x20 /opt/gcc-arm-none-eabi/bin/../lib/gcc/arm-none-eabi/10.3.1/../../../../arm-none-eabi/lib/thumb/v7e-m+fp/hard/libnosys.a(write.o)
 .debug_frame   0x0000000000001124       0x20 /opt/gcc-arm-none-eabi/bin/../lib/gcc/arm-none-eabi/10.3.1/../../../../arm-none-eabi/lib/thumb/v7e-m+fp/hard/libnosys.a(_exit.o)

.stab           0x0000000000000000       0xcc
 .stab          0x0000000000000000       0x24 /opt/gcc-arm-none-eabi/bin/../lib/gcc/arm-none-eabi/10.3.1/../../../../arm-none-eabi/lib/thumb/v7e-m+fp/hard/libnosys.a(close.o)
 .stab          0x0000000000000024       0x18 /opt/gcc-arm-none-eabi/bin/../lib/gcc/arm-none-eabi/10.3.1/../../../../arm-none-eabi/lib/thumb/v7e-m+fp/hard/libnosys.a(fstat.o)
                                         0x24 (size before relaxing)
 .stab          0x000000000000003c       0x18 /opt/gcc-arm-none-eabi/bin/../lib/gcc/arm-none-eabi/10.3.1/../../../../arm-none-eabi/lib/thumb/v7e-m+fp/hard/libnosys.a(getpid.o)
                                         0x24 (size before relaxing)
 .stab          0x0000000000000054       0x18 /opt/gcc-arm-none-eabi/bin/../lib/gcc/arm-none-eabi/10.3.1/../../../../arm-none-eabi/lib/thumb/v7e-m+fp/hard/libnosys.a(isatty.o)
                                         0x24 (size before relaxing)
 .stab          0x000000000000006c       0x18 /opt/gcc-arm-none-eabi/bin/../lib/gcc/arm-none-eabi/10.3.1/../../../../arm-none-eabi/lib/thumb/v7e-m+fp/hard/libnosys.a(kill.o)
                                         0x24 (size before relaxing)
 .stab          0x0000000000000084       0x18 /opt/gcc-arm-none-eabi/bin/../lib/gcc/arm-none-eabi/10.3.1/../../../../arm-none-eabi/lib/thumb/v7e-m+fp/hard/libnosys.a(lseek.o)
                                         0x24 (size before relaxing)
 .stab          0x000000000000009c       0x18 /opt/gcc-arm-none-eabi/bin/../lib/gcc/arm-none-eabi/10.3.1/../../../../arm-none-eabi/lib/thumb/v7e-m+fp/hard/libnosys.a(read.o)
                                         0x24 (size before relaxing)
 .stab          0x00000000000000b4       0x18 /opt/gcc-arm-none-eabi/bin/../lib/gcc/arm-none-eabi/10.3.1/../../../../arm-none-eabi/lib/thumb/v7e-m+fp/hard/libnosys.a(write.o)
                                         0x24 (size before relaxing)

.stabstr        0x0000000000000000      0x1b9
 .stabstr       0x0000000000000000      0x1b9 /opt/gcc-arm-none-eabi/bin/../lib/gcc/arm-none-eabi/10.3.1/../../../../arm-none-eabi/lib/thumb/v7e-m+fp/hard/libnosys.a(close.o)
